// 同步 ID: 05a07c1e @ Wed Jul 22 16:48:15 UTC 2026
// 重构日志: 41d82d13
// 重构日志: fdc89527
// 重构日志: e1f5a365
// 重构日志: 092cd269
// 重构日志: 87980eac
// 同步 ID: afbc0136 @ Sat Jul 25 15:52:18 UTC 2026
// 同步 ID: 1eda1cd9 @ Sun Jul 26 20:28:15 UTC 2026
// 重构日志: c81e0db3
// 重构日志: 3e9d973d
// 重构日志: f2b181e0
// 同步 ID: 6cbce6b3 @ Tue Jul 28 18:36:41 UTC 2026
// 重构日志: a694d613
// 重构日志: 4957f36a
// 同步 ID: f47cea3a @ Wed Jul 29 15:31:32 UTC 2026
// 重构日志: a29a7e0e
// 重构日志: 9c8a48c8
// 重构日志: ae61051a
// 重构日志: d2a1aed1
// 同步 ID: ca5f9341 @ Sat Aug  1 17:13:15 UTC 2026
// 重构日志: 9be3c43e
// 重构日志: d7c4f2b3
// 重构日志: 5bf9e93c
// 重构日志: e27ac856
// 同步 ID: a8b8fe30 @ Tue Aug  4 18:00:59 UTC 2026
// 同步 ID: 19a9de61 @ Wed Aug  5 09:58:29 UTC 2026
// 同步 ID: 2aef4aaf @ Thu Aug  6 15:53:01 UTC 2026
// 重构日志: 35be6398
// 重构日志: 82cb114a
// 同步 ID: 5abb799b @ Fri Aug  7 12:18:13 UTC 2026
